Archive member included to satisfy reference by file (symbol)

../test0_bsp/\libhal_bsp.a(alt_main.o)
                              ../test0_bsp//obj/HAL/src/crt0.o (alt_main)
../test0_bsp/\libhal_bsp.a(alt_usleep.o)
                              obj/default/hello_world_small.o (usleep)
../test0_bsp/\libhal_bsp.a(alt_sys_init.o)
                              ../test0_bsp/\libhal_bsp.a(alt_main.o) (alt_irq_init)
../test0_bsp/\libhal_bsp.a(altera_onchip_flash.o)
                              ../test0_bsp/\libhal_bsp.a(alt_sys_init.o) (alt_onchip_flash_read)
../test0_bsp/\libhal_bsp.a(alt_busy_sleep.o)
                              ../test0_bsp/\libhal_bsp.a(alt_usleep.o) (alt_busy_sleep)
../test0_bsp/\libhal_bsp.a(alt_dcache_flush.o)
                              ../test0_bsp/\libhal_bsp.a(altera_onchip_flash.o) (alt_dcache_flush)
../test0_bsp/\libhal_bsp.a(alt_dev_llist_insert.o)
                              ../test0_bsp/\libhal_bsp.a(altera_onchip_flash.o) (alt_dev_llist_insert)
../test0_bsp/\libhal_bsp.a(alt_errno.o)
                              ../test0_bsp/\libhal_bsp.a(alt_dev_llist_insert.o) (alt_errno)
../test0_bsp/\libhal_bsp.a(alt_flash_dev.o)
                              ../test0_bsp/\libhal_bsp.a(altera_onchip_flash.o) (alt_flash_dev_list)
../test0_bsp/\libhal_bsp.a(altera_nios2_gen2_irq.o)
                              ../test0_bsp/\libhal_bsp.a(alt_sys_init.o) (altera_nios2_gen2_irq_init)
../test0_bsp/\libhal_bsp.a(alt_find_dev.o)
                              ../test0_bsp/\libhal_bsp.a(alt_flash_dev.o) (alt_find_dev)
c:/altera/14.1/nios2eds/bin/gnu/h-x86_64-mingw32/bin/../lib/gcc/nios2-elf/4.8.3/../../../../../H-x86_64-mingw32/nios2-elf/lib/mno-hw-mul\libsmallc.a(lib_a-int_errno.o)
                              ../test0_bsp/\libhal_bsp.a(alt_dev_llist_insert.o) (errno)
c:/altera/14.1/nios2eds/bin/gnu/h-x86_64-mingw32/bin/../lib/gcc/nios2-elf/4.8.3/../../../../../H-x86_64-mingw32/nios2-elf/lib/mno-hw-mul\libsmallc.a(lib_a-memcmp.o)
                              ../test0_bsp/\libhal_bsp.a(altera_onchip_flash.o) (memcmp)
c:/altera/14.1/nios2eds/bin/gnu/h-x86_64-mingw32/bin/../lib/gcc/nios2-elf/4.8.3/../../../../../H-x86_64-mingw32/nios2-elf/lib/mno-hw-mul\libsmallc.a(lib_a-memcpy.o)
                              ../test0_bsp/\libhal_bsp.a(altera_onchip_flash.o) (memcpy)
c:/altera/14.1/nios2eds/bin/gnu/h-x86_64-mingw32/bin/../lib/gcc/nios2-elf/4.8.3/../../../../../H-x86_64-mingw32/nios2-elf/lib/mno-hw-mul\libsmallc.a(lib_a-strlen.o)
                              ../test0_bsp/\libhal_bsp.a(alt_find_dev.o) (strlen)
c:/altera/14.1/nios2eds/bin/gnu/h-x86_64-mingw32/bin/../lib/gcc/nios2-elf/4.8.3/mno-hw-mul\libgcc.a(lib2-divmod.o)
                              ../test0_bsp/\libhal_bsp.a(altera_onchip_flash.o) (__divsi3)
c:/altera/14.1/nios2eds/bin/gnu/h-x86_64-mingw32/bin/../lib/gcc/nios2-elf/4.8.3/mno-hw-mul\libgcc.a(lib2-mul.o)
                              ../test0_bsp/\libhal_bsp.a(alt_busy_sleep.o) (__mulsi3)

Allocating common symbols
Common symbol       size              file

errno               0x4               c:/altera/14.1/nios2eds/bin/gnu/h-x86_64-mingw32/bin/../lib/gcc/nios2-elf/4.8.3/../../../../../H-x86_64-mingw32/nios2-elf/lib/mno-hw-mul\libsmallc.a(lib_a-int_errno.o)

Memory Configuration

Name             Origin             Length             Attributes
reset            0x0000000000000000 0x0000000000000020
onchip_flash_0_data 0x0000000000000020 0x000000000002afe0
onchip_memory2_0_BEFORE_EXCEPTION 0x0000000000040000 0x0000000000000020
onchip_memory2_0 0x0000000000040020 0x0000000000000fe0
*default*        0x0000000000000000 0xffffffffffffffff

Linker script and memory map

LOAD ../test0_bsp//obj/HAL/src/crt0.o
LOAD obj/default/hello_world_small.o
LOAD c:/altera/14.1/nios2eds/bin/gnu/h-x86_64-mingw32/bin/../lib/gcc/nios2-elf/4.8.3/../../../../../H-x86_64-mingw32/nios2-elf/lib/mno-hw-mul\libstdc++.a
LOAD c:/altera/14.1/nios2eds/bin/gnu/h-x86_64-mingw32/bin/../lib/gcc/nios2-elf/4.8.3/../../../../../H-x86_64-mingw32/nios2-elf/lib/mno-hw-mul\libm.a
LOAD c:/altera/14.1/nios2eds/bin/gnu/h-x86_64-mingw32/bin/../lib/gcc/nios2-elf/4.8.3/mno-hw-mul\libgcc.a
START GROUP
LOAD c:/altera/14.1/nios2eds/bin/gnu/h-x86_64-mingw32/bin/../lib/gcc/nios2-elf/4.8.3/../../../../../H-x86_64-mingw32/nios2-elf/lib/mno-hw-mul\libsmallc.a
LOAD c:/altera/14.1/nios2eds/bin/gnu/h-x86_64-mingw32/bin/../lib/gcc/nios2-elf/4.8.3/mno-hw-mul\libgcc.a
LOAD ../test0_bsp/\libhal_bsp.a
END GROUP
LOAD c:/altera/14.1/nios2eds/bin/gnu/h-x86_64-mingw32/bin/../lib/gcc/nios2-elf/4.8.3/mno-hw-mul\libgcc.a
                0x0000000000000000                __alt_mem_onchip_flash_0_data = 0x0
                0x0000000000040000                __alt_mem_onchip_memory2_0 = 0x40000

.entry          0x0000000000000000        0x0
 *(.entry)
 .entry         0x0000000000000000        0x0 ../test0_bsp//obj/HAL/src/crt0.o
                0x0000000000000000                _exit
                0x0000000000000000                __reset

.exceptions     0x0000000000040020        0x0
                0x0000000000040020                PROVIDE (__ram_exceptions_start, ABSOLUTE (.))
                0x0000000000040020                . = ALIGN (0x20)
 *(.irq)
 *(.exceptions.entry.label)
 *(.exceptions.entry.user)
 *(.exceptions.entry.ecc_fatal)
 *(.exceptions.entry)
 *(.exceptions.irqtest.user)
 *(.exceptions.irqtest)
 *(.exceptions.irqhandler.user)
 *(.exceptions.irqhandler)
 *(.exceptions.irqreturn.user)
 *(.exceptions.irqreturn)
 *(.exceptions.notirq.label)
 *(.exceptions.notirq.user)
 *(.exceptions.notirq)
 *(.exceptions.soft.user)
 *(.exceptions.soft)
 *(.exceptions.unknown.user)
 *(.exceptions.unknown)
 *(.exceptions.exit.label)
 *(.exceptions.exit.user)
 *(.exceptions.exit)
 *(.exceptions)
                0x0000000000040020                PROVIDE (__ram_exceptions_end, ABSOLUTE (.))
                0x0000000000040020                PROVIDE (__flash_exceptions_start, LOADADDR (.exceptions))

.text           0x0000000000040020      0xc10
                0x0000000000040020                PROVIDE (stext, ABSOLUTE (.))
 *(.interp)
 *(.hash)
 *(.dynsym)
 *(.dynstr)
 *(.gnu.version)
 *(.gnu.version_d)
 *(.gnu.version_r)
 *(.rel.init)
 *(.rela.init)
 *(.rel.text .rel.text.* .rel.gnu.linkonce.t.*)
 *(.rela.text .rela.text.* .rela.gnu.linkonce.t.*)
 *(.rel.fini)
 *(.rela.fini)
 *(.rel.rodata .rel.rodata.* .rel.gnu.linkonce.r.*)
 *(.rela.rodata .rela.rodata.* .rela.gnu.linkonce.r.*)
 *(.rel.data .rel.data.* .rel.gnu.linkonce.d.*)
 *(.rela.data .rela.data.* .rela.gnu.linkonce.d.*)
 *(.rel.tdata .rel.tdata.* .rel.gnu.linkonce.td.*)
 *(.rela.tdata .rela.tdata.* .rela.gnu.linkonce.td.*)
 *(.rel.tbss .rel.tbss.* .rel.gnu.linkonce.tb.*)
 *(.rela.tbss .rela.tbss.* .rela.gnu.linkonce.tb.*)
 *(.rel.ctors)
 *(.rela.ctors)
 *(.rel.dtors)
 *(.rela.dtors)
 *(.rel.got)
 *(.rela.got)
 *(.rel.sdata .rel.sdata.* .rel.gnu.linkonce.s.*)
 *(.rela.sdata .rela.sdata.* .rela.gnu.linkonce.s.*)
 *(.rel.sbss .rel.sbss.* .rel.gnu.linkonce.sb.*)
 *(.rela.sbss .rela.sbss.* .rela.gnu.linkonce.sb.*)
 *(.rel.sdata2 .rel.sdata2.* .rel.gnu.linkonce.s2.*)
 *(.rela.sdata2 .rela.sdata2.* .rela.gnu.linkonce.s2.*)
 *(.rel.sbss2 .rel.sbss2.* .rel.gnu.linkonce.sb2.*)
 *(.rela.sbss2 .rela.sbss2.* .rela.gnu.linkonce.sb2.*)
 *(.rel.bss .rel.bss.* .rel.gnu.linkonce.b.*)
 *(.rela.bss .rela.bss.* .rela.gnu.linkonce.b.*)
 *(.rel.plt)
 *(.rela.plt)
 *(.rel.dyn)
 *(.init)
 *(.plt)
 *(.text .stub .text.* .gnu.linkonce.t.*)
 .text          0x0000000000040020       0x38 ../test0_bsp//obj/HAL/src/crt0.o
                0x0000000000040020                _start
 .text          0x0000000000040058        0x0 obj/default/hello_world_small.o
 .text.startup  0x0000000000040058       0x48 obj/default/hello_world_small.o
                0x0000000000040058                main
 .text          0x00000000000400a0       0x2c ../test0_bsp/\libhal_bsp.a(alt_main.o)
                0x00000000000400a0                alt_main
 .text          0x00000000000400cc        0x4 ../test0_bsp/\libhal_bsp.a(alt_usleep.o)
                0x00000000000400cc                usleep
 .text          0x00000000000400d0       0x2c ../test0_bsp/\libhal_bsp.a(alt_sys_init.o)
                0x00000000000400d0                alt_irq_init
                0x00000000000400f0                alt_sys_init
 .text          0x00000000000400fc      0x7a0 ../test0_bsp/\libhal_bsp.a(altera_onchip_flash.o)
                0x00000000000400fc                alt_onchip_flash_read
                0x0000000000040168                alt_onchip_flash_get_info
                0x00000000000401ac                alt_onchip_flash_write
                0x0000000000040328                altera_onchip_flash_init
                0x000000000004056c                alt_onchip_flash_poll_for_status_to_go_idle
                0x000000000004059c                alt_onchip_flash_poll_for_status_erase_passed
                0x00000000000405cc                alt_onchip_flash_erase_block
                0x00000000000406a4                alt_onchip_flash_poll_for_status_write_passed
                0x00000000000406d4                alt_onchip_flash_write_block
 .text          0x000000000004089c       0x88 ../test0_bsp/\libhal_bsp.a(alt_busy_sleep.o)
                0x000000000004089c                alt_busy_sleep
 .text          0x0000000000040924        0x4 ../test0_bsp/\libhal_bsp.a(alt_dcache_flush.o)
                0x0000000000040924                alt_dcache_flush
 .text          0x0000000000040928       0x78 ../test0_bsp/\libhal_bsp.a(alt_dev_llist_insert.o)
                0x0000000000040928                alt_dev_llist_insert
 .text          0x00000000000409a0        0x0 ../test0_bsp/\libhal_bsp.a(alt_errno.o)
 .text          0x00000000000409a0       0x64 ../test0_bsp/\libhal_bsp.a(alt_flash_dev.o)
                0x00000000000409a0                alt_flash_open_dev
                0x00000000000409f0                alt_flash_close_dev
 .text          0x0000000000040a04        0x8 ../test0_bsp/\libhal_bsp.a(altera_nios2_gen2_irq.o)
                0x0000000000040a04                altera_nios2_gen2_irq_init
 .text          0x0000000000040a0c       0x74 ../test0_bsp/\libhal_bsp.a(alt_find_dev.o)
                0x0000000000040a0c                alt_find_dev
 .text          0x0000000000040a80        0x0 c:/altera/14.1/nios2eds/bin/gnu/h-x86_64-mingw32/bin/../lib/gcc/nios2-elf/4.8.3/../../../../../H-x86_64-mingw32/nios2-elf/lib/mno-hw-mul\libsmallc.a(lib_a-int_errno.o)
 .text          0x0000000000040a80       0x30 c:/altera/14.1/nios2eds/bin/gnu/h-x86_64-mingw32/bin/../lib/gcc/nios2-elf/4.8.3/../../../../../H-x86_64-mingw32/nios2-elf/lib/mno-hw-mul\libsmallc.a(lib_a-memcmp.o)
                0x0000000000040a80                memcmp
 .text          0x0000000000040ab0       0x28 c:/altera/14.1/nios2eds/bin/gnu/h-x86_64-mingw32/bin/../lib/gcc/nios2-elf/4.8.3/../../../../../H-x86_64-mingw32/nios2-elf/lib/mno-hw-mul\libsmallc.a(lib_a-memcpy.o)
                0x0000000000040ab0                memcpy
 .text          0x0000000000040ad8       0x1c c:/altera/14.1/nios2eds/bin/gnu/h-x86_64-mingw32/bin/../lib/gcc/nios2-elf/4.8.3/../../../../../H-x86_64-mingw32/nios2-elf/lib/mno-hw-mul\libsmallc.a(lib_a-strlen.o)
                0x0000000000040ad8                strlen
 .text          0x0000000000040af4      0x114 c:/altera/14.1/nios2eds/bin/gnu/h-x86_64-mingw32/bin/../lib/gcc/nios2-elf/4.8.3/mno-hw-mul\libgcc.a(lib2-divmod.o)
                0x0000000000040b64                __divsi3
                0x0000000000040bac                __modsi3
                0x0000000000040bf8                __udivsi3
                0x0000000000040c00                __umodsi3
 .text          0x0000000000040c08       0x28 c:/altera/14.1/nios2eds/bin/gnu/h-x86_64-mingw32/bin/../lib/gcc/nios2-elf/4.8.3/mno-hw-mul\libgcc.a(lib2-mul.o)
                0x0000000000040c08                __mulsi3
 *(.gnu.warning.*)
 *(.fini)
                0x0000000000040c30                PROVIDE (__etext, ABSOLUTE (.))
                0x0000000000040c30                PROVIDE (_etext, ABSOLUTE (.))
                0x0000000000040c30                PROVIDE (etext, ABSOLUTE (.))
 *(.eh_frame_hdr)
                0x0000000000040c30                . = ALIGN (0x4)
                0x0000000000040c30                PROVIDE (__preinit_array_start, ABSOLUTE (.))
 *(.preinit_array)
                0x0000000000040c30                PROVIDE (__preinit_array_end, ABSOLUTE (.))
                0x0000000000040c30                PROVIDE (__init_array_start, ABSOLUTE (.))
 *(.init_array)
                0x0000000000040c30                PROVIDE (__init_array_end, ABSOLUTE (.))
                0x0000000000040c30                PROVIDE (__fini_array_start, ABSOLUTE (.))
 *(.fini_array)
                0x0000000000040c30                PROVIDE (__fini_array_end, ABSOLUTE (.))
 *(.eh_frame)
 *(.gcc_except_table .gcc_except_table.*)
 *(.dynamic)
                0x0000000000040c30                PROVIDE (__CTOR_LIST__, ABSOLUTE (.))
 *(.ctors)
 *(SORT(.ctors.*))
                0x0000000000040c30                PROVIDE (__CTOR_END__, ABSOLUTE (.))
                0x0000000000040c30                PROVIDE (__DTOR_LIST__, ABSOLUTE (.))
 *(.dtors)
 *(SORT(.dtors.*))
                0x0000000000040c30                PROVIDE (__DTOR_END__, ABSOLUTE (.))
 *(.jcr)
                0x0000000000040c30                . = ALIGN (0x4)

.rodata         0x0000000000040c30       0x1c
                0x0000000000040c30                PROVIDE (__ram_rodata_start, ABSOLUTE (.))
                0x0000000000040c30                . = ALIGN (0x4)
 *(.rodata .rodata.* .gnu.linkonce.r.*)
 .rodata.str1.4
                0x0000000000040c30       0x1c ../test0_bsp/\libhal_bsp.a(alt_sys_init.o)
 *(.rodata1)
                0x0000000000040c4c                . = ALIGN (0x4)
                0x0000000000040c4c                PROVIDE (__ram_rodata_end, ABSOLUTE (.))
                0x0000000000040c30                PROVIDE (__flash_rodata_start, LOADADDR (.rodata))

.rwdata         0x0000000000040c4c      0x114
                0x0000000000040c4c                PROVIDE (__ram_rwdata_start, ABSOLUTE (.))
                0x0000000000040c4c                . = ALIGN (0x4)
 *(.got.plt)
 *(.got)
 *(.data1)
 *(.data .data.* .gnu.linkonce.d.*)
 .data          0x0000000000040c4c        0x0 ../test0_bsp//obj/HAL/src/crt0.o
 .data          0x0000000000040c4c        0x0 obj/default/hello_world_small.o
 .data          0x0000000000040c4c        0x0 ../test0_bsp/\libhal_bsp.a(alt_main.o)
 .data          0x0000000000040c4c        0x0 ../test0_bsp/\libhal_bsp.a(alt_usleep.o)
 .data          0x0000000000040c4c       0xfc ../test0_bsp/\libhal_bsp.a(alt_sys_init.o)
 .data          0x0000000000040d48        0x0 ../test0_bsp/\libhal_bsp.a(altera_onchip_flash.o)
 .data          0x0000000000040d48        0x0 ../test0_bsp/\libhal_bsp.a(alt_busy_sleep.o)
 .data          0x0000000000040d48        0x0 ../test0_bsp/\libhal_bsp.a(alt_dcache_flush.o)
 .data          0x0000000000040d48        0x0 ../test0_bsp/\libhal_bsp.a(alt_dev_llist_insert.o)
 .data          0x0000000000040d48        0x0 ../test0_bsp/\libhal_bsp.a(alt_errno.o)
 .data          0x0000000000040d48        0x0 ../test0_bsp/\libhal_bsp.a(alt_flash_dev.o)
 .data          0x0000000000040d48        0x0 ../test0_bsp/\libhal_bsp.a(altera_nios2_gen2_irq.o)
 .data          0x0000000000040d48        0x0 ../test0_bsp/\libhal_bsp.a(alt_find_dev.o)
 .data          0x0000000000040d48        0x0 c:/altera/14.1/nios2eds/bin/gnu/h-x86_64-mingw32/bin/../lib/gcc/nios2-elf/4.8.3/../../../../../H-x86_64-mingw32/nios2-elf/lib/mno-hw-mul\libsmallc.a(lib_a-int_errno.o)
 .data          0x0000000000040d48        0x0 c:/altera/14.1/nios2eds/bin/gnu/h-x86_64-mingw32/bin/../lib/gcc/nios2-elf/4.8.3/../../../../../H-x86_64-mingw32/nios2-elf/lib/mno-hw-mul\libsmallc.a(lib_a-memcmp.o)
 .data          0x0000000000040d48        0x0 c:/altera/14.1/nios2eds/bin/gnu/h-x86_64-mingw32/bin/../lib/gcc/nios2-elf/4.8.3/../../../../../H-x86_64-mingw32/nios2-elf/lib/mno-hw-mul\libsmallc.a(lib_a-memcpy.o)
 .data          0x0000000000040d48        0x0 c:/altera/14.1/nios2eds/bin/gnu/h-x86_64-mingw32/bin/../lib/gcc/nios2-elf/4.8.3/../../../../../H-x86_64-mingw32/nios2-elf/lib/mno-hw-mul\libsmallc.a(lib_a-strlen.o)
 .data          0x0000000000040d48        0x0 c:/altera/14.1/nios2eds/bin/gnu/h-x86_64-mingw32/bin/../lib/gcc/nios2-elf/4.8.3/mno-hw-mul\libgcc.a(lib2-divmod.o)
 .data          0x0000000000040d48        0x0 c:/altera/14.1/nios2eds/bin/gnu/h-x86_64-mingw32/bin/../lib/gcc/nios2-elf/4.8.3/mno-hw-mul\libgcc.a(lib2-mul.o)
                0x0000000000048d48                _gp = ABSOLUTE ((. + 0x8000))
                0x0000000000048d48                PROVIDE (gp, _gp)
 *(.rwdata .rwdata.*)
 *(.sdata .sdata.* .gnu.linkonce.s.*)
 .sdata         0x0000000000040d48        0x4 ../test0_bsp/\libhal_bsp.a(alt_sys_init.o)
                0x0000000000040d48                jtag_uart_0
 .sdata         0x0000000000040d4c        0x8 ../test0_bsp/\libhal_bsp.a(altera_onchip_flash.o)
                0x0000000000040d4c                altera_onchip_flash_list
 .sdata         0x0000000000040d54        0x4 ../test0_bsp/\libhal_bsp.a(alt_errno.o)
                0x0000000000040d54                alt_errno
 .sdata         0x0000000000040d58        0x8 ../test0_bsp/\libhal_bsp.a(alt_flash_dev.o)
                0x0000000000040d58                alt_flash_dev_list
 *(.sdata2 .sdata2.* .gnu.linkonce.s2.*)
                0x0000000000040d60                . = ALIGN (0x4)
                0x0000000000040d60                _edata = ABSOLUTE (.)
                0x0000000000040d60                PROVIDE (edata, ABSOLUTE (.))
                0x0000000000040d60                PROVIDE (__ram_rwdata_end, ABSOLUTE (.))
                0x0000000000040c4c                PROVIDE (__flash_rwdata_start, LOADADDR (.rwdata))

.bss            0x0000000000040d60       0x10
                0x0000000000040d60                __bss_start = ABSOLUTE (.)
                0x0000000000040d60                PROVIDE (__sbss_start, ABSOLUTE (.))
                0x0000000000040d60                PROVIDE (___sbss_start, ABSOLUTE (.))
 *(.dynsbss)
 *(.sbss .sbss.* .gnu.linkonce.sb.*)
 .sbss          0x0000000000040d60        0xc ../test0_bsp/\libhal_bsp.a(alt_main.o)
                0x0000000000040d60                alt_envp
                0x0000000000040d64                alt_argv
                0x0000000000040d68                alt_argc
 .sbss          0x0000000000040d6c        0x4 c:/altera/14.1/nios2eds/bin/gnu/h-x86_64-mingw32/bin/../lib/gcc/nios2-elf/4.8.3/../../../../../H-x86_64-mingw32/nios2-elf/lib/mno-hw-mul\libsmallc.a(lib_a-int_errno.o)
                0x0000000000040d6c                errno
 *(.sbss2 .sbss2.* .gnu.linkonce.sb2.*)
 *(.scommon)
                0x0000000000040d70                PROVIDE (__sbss_end, ABSOLUTE (.))
                0x0000000000040d70                PROVIDE (___sbss_end, ABSOLUTE (.))
 *(.dynbss)
 *(.bss .bss.* .gnu.linkonce.b.*)
 .bss           0x0000000000040d70        0x0 ../test0_bsp//obj/HAL/src/crt0.o
 .bss           0x0000000000040d70        0x0 obj/default/hello_world_small.o
 .bss           0x0000000000040d70        0x0 ../test0_bsp/\libhal_bsp.a(alt_main.o)
 .bss           0x0000000000040d70        0x0 ../test0_bsp/\libhal_bsp.a(alt_usleep.o)
 .bss           0x0000000000040d70        0x0 ../test0_bsp/\libhal_bsp.a(alt_sys_init.o)
 .bss           0x0000000000040d70        0x0 ../test0_bsp/\libhal_bsp.a(altera_onchip_flash.o)
 .bss           0x0000000000040d70        0x0 ../test0_bsp/\libhal_bsp.a(alt_busy_sleep.o)
 .bss           0x0000000000040d70        0x0 ../test0_bsp/\libhal_bsp.a(alt_dcache_flush.o)
 .bss           0x0000000000040d70        0x0 ../test0_bsp/\libhal_bsp.a(alt_dev_llist_insert.o)
 .bss           0x0000000000040d70        0x0 ../test0_bsp/\libhal_bsp.a(alt_errno.o)
 .bss           0x0000000000040d70        0x0 ../test0_bsp/\libhal_bsp.a(alt_flash_dev.o)
 .bss           0x0000000000040d70        0x0 ../test0_bsp/\libhal_bsp.a(altera_nios2_gen2_irq.o)
 .bss           0x0000000000040d70        0x0 ../test0_bsp/\libhal_bsp.a(alt_find_dev.o)
 .bss           0x0000000000040d70        0x0 c:/altera/14.1/nios2eds/bin/gnu/h-x86_64-mingw32/bin/../lib/gcc/nios2-elf/4.8.3/../../../../../H-x86_64-mingw32/nios2-elf/lib/mno-hw-mul\libsmallc.a(lib_a-int_errno.o)
 .bss           0x0000000000040d70        0x0 c:/altera/14.1/nios2eds/bin/gnu/h-x86_64-mingw32/bin/../lib/gcc/nios2-elf/4.8.3/../../../../../H-x86_64-mingw32/nios2-elf/lib/mno-hw-mul\libsmallc.a(lib_a-memcmp.o)
 .bss           0x0000000000040d70        0x0 c:/altera/14.1/nios2eds/bin/gnu/h-x86_64-mingw32/bin/../lib/gcc/nios2-elf/4.8.3/../../../../../H-x86_64-mingw32/nios2-elf/lib/mno-hw-mul\libsmallc.a(lib_a-memcpy.o)
 .bss           0x0000000000040d70        0x0 c:/altera/14.1/nios2eds/bin/gnu/h-x86_64-mingw32/bin/../lib/gcc/nios2-elf/4.8.3/../../../../../H-x86_64-mingw32/nios2-elf/lib/mno-hw-mul\libsmallc.a(lib_a-strlen.o)
 .bss           0x0000000000040d70        0x0 c:/altera/14.1/nios2eds/bin/gnu/h-x86_64-mingw32/bin/../lib/gcc/nios2-elf/4.8.3/mno-hw-mul\libgcc.a(lib2-divmod.o)
 .bss           0x0000000000040d70        0x0 c:/altera/14.1/nios2eds/bin/gnu/h-x86_64-mingw32/bin/../lib/gcc/nios2-elf/4.8.3/mno-hw-mul\libgcc.a(lib2-mul.o)
 *(COMMON)
                0x0000000000040d70                . = ALIGN (0x4)
                0x0000000000040d70                __bss_end = ABSOLUTE (.)

.onchip_flash_0_data
                0x0000000000000020        0x0
                0x0000000000000020                PROVIDE (_alt_partition_onchip_flash_0_data_start, ABSOLUTE (.))
 *(.onchip_flash_0_data .onchip_flash_0_data. onchip_flash_0_data.*)
                0x0000000000000020                . = ALIGN (0x4)
                0x0000000000000020                PROVIDE (_alt_partition_onchip_flash_0_data_end, ABSOLUTE (.))
                0x0000000000000020                PROVIDE (_alt_partition_onchip_flash_0_data_load_addr, LOADADDR (.onchip_flash_0_data))

.onchip_memory2_0
                0x0000000000040d70        0x0
                0x0000000000040d70                PROVIDE (_alt_partition_onchip_memory2_0_start, ABSOLUTE (.))
 *(.onchip_memory2_0 .onchip_memory2_0. onchip_memory2_0.*)
                0x0000000000040d70                . = ALIGN (0x4)
                0x0000000000040d70                PROVIDE (_alt_partition_onchip_memory2_0_end, ABSOLUTE (.))
                0x0000000000040d70                _end = ABSOLUTE (.)
                0x0000000000040d70                end = ABSOLUTE (.)
                0x0000000000040d70                __alt_stack_base = ABSOLUTE (.)
                0x0000000000040d70                PROVIDE (_alt_partition_onchip_memory2_0_load_addr, LOADADDR (.onchip_memory2_0))

.stab
 *(.stab)

.stabstr
 *(.stabstr)

.stab.excl
 *(.stab.excl)

.stab.exclstr
 *(.stab.exclstr)

.stab.index
 *(.stab.index)

.stab.indexstr
 *(.stab.indexstr)

.comment        0x0000000000000000       0x39
 *(.comment)
 .comment       0x0000000000000000       0x39 obj/default/hello_world_small.o
                                         0x3a (size before relaxing)
 .comment       0x0000000000000000       0x3a ../test0_bsp/\libhal_bsp.a(alt_main.o)
 .comment       0x0000000000000000       0x3a ../test0_bsp/\libhal_bsp.a(alt_usleep.o)
 .comment       0x0000000000000000       0x3a ../test0_bsp/\libhal_bsp.a(alt_sys_init.o)
 .comment       0x0000000000000000       0x3a ../test0_bsp/\libhal_bsp.a(altera_onchip_flash.o)
 .comment       0x0000000000000000       0x3a ../test0_bsp/\libhal_bsp.a(alt_busy_sleep.o)
 .comment       0x0000000000000000       0x3a ../test0_bsp/\libhal_bsp.a(alt_dcache_flush.o)
 .comment       0x0000000000000000       0x3a ../test0_bsp/\libhal_bsp.a(alt_dev_llist_insert.o)
 .comment       0x0000000000000000       0x3a ../test0_bsp/\libhal_bsp.a(alt_errno.o)
 .comment       0x0000000000000000       0x3a ../test0_bsp/\libhal_bsp.a(alt_flash_dev.o)
 .comment       0x0000000000000000       0x3a ../test0_bsp/\libhal_bsp.a(altera_nios2_gen2_irq.o)
 .comment       0x0000000000000000       0x3a ../test0_bsp/\libhal_bsp.a(alt_find_dev.o)
 .comment       0x0000000000000000       0x3a c:/altera/14.1/nios2eds/bin/gnu/h-x86_64-mingw32/bin/../lib/gcc/nios2-elf/4.8.3/../../../../../H-x86_64-mingw32/nios2-elf/lib/mno-hw-mul\libsmallc.a(lib_a-int_errno.o)
 .comment       0x0000000000000000       0x3a c:/altera/14.1/nios2eds/bin/gnu/h-x86_64-mingw32/bin/../lib/gcc/nios2-elf/4.8.3/../../../../../H-x86_64-mingw32/nios2-elf/lib/mno-hw-mul\libsmallc.a(lib_a-memcmp.o)
 .comment       0x0000000000000000       0x3a c:/altera/14.1/nios2eds/bin/gnu/h-x86_64-mingw32/bin/../lib/gcc/nios2-elf/4.8.3/../../../../../H-x86_64-mingw32/nios2-elf/lib/mno-hw-mul\libsmallc.a(lib_a-memcpy.o)
 .comment       0x0000000000000000       0x3a c:/altera/14.1/nios2eds/bin/gnu/h-x86_64-mingw32/bin/../lib/gcc/nios2-elf/4.8.3/../../../../../H-x86_64-mingw32/nios2-elf/lib/mno-hw-mul\libsmallc.a(lib_a-strlen.o)
 .comment       0x0000000000000000       0x3a c:/altera/14.1/nios2eds/bin/gnu/h-x86_64-mingw32/bin/../lib/gcc/nios2-elf/4.8.3/mno-hw-mul\libgcc.a(lib2-divmod.o)
 .comment       0x0000000000000000       0x3a c:/altera/14.1/nios2eds/bin/gnu/h-x86_64-mingw32/bin/../lib/gcc/nios2-elf/4.8.3/mno-hw-mul\libgcc.a(lib2-mul.o)

.debug
 *(.debug)

.line
 *(.line)

.debug_srcinfo
 *(.debug_srcinfo)

.debug_sfnames
 *(.debug_sfnames)

.debug_aranges  0x0000000000000000      0x250
 *(.debug_aranges)
 .debug_aranges
                0x0000000000000000       0x20 ../test0_bsp//obj/HAL/src/crt0.o
 .debug_aranges
                0x0000000000000020       0x20 obj/default/hello_world_small.o
 .debug_aranges
                0x0000000000000040       0x20 ../test0_bsp/\libhal_bsp.a(alt_main.o)
 .debug_aranges
                0x0000000000000060       0x20 ../test0_bsp/\libhal_bsp.a(alt_usleep.o)
 .debug_aranges
                0x0000000000000080       0x20 ../test0_bsp/\libhal_bsp.a(alt_sys_init.o)
 .debug_aranges
                0x00000000000000a0       0x20 ../test0_bsp/\libhal_bsp.a(altera_onchip_flash.o)
 .debug_aranges
                0x00000000000000c0       0x20 ../test0_bsp/\libhal_bsp.a(alt_busy_sleep.o)
 .debug_aranges
                0x00000000000000e0       0x20 ../test0_bsp/\libhal_bsp.a(alt_dcache_flush.o)
 .debug_aranges
                0x0000000000000100       0x20 ../test0_bsp/\libhal_bsp.a(alt_dev_llist_insert.o)
 .debug_aranges
                0x0000000000000120       0x18 ../test0_bsp/\libhal_bsp.a(alt_errno.o)
 .debug_aranges
                0x0000000000000138       0x20 ../test0_bsp/\libhal_bsp.a(alt_flash_dev.o)
 .debug_aranges
                0x0000000000000158       0x20 ../test0_bsp/\libhal_bsp.a(altera_nios2_gen2_irq.o)
 .debug_aranges
                0x0000000000000178       0x20 ../test0_bsp/\libhal_bsp.a(alt_find_dev.o)
 .debug_aranges
                0x0000000000000198       0x18 c:/altera/14.1/nios2eds/bin/gnu/h-x86_64-mingw32/bin/../lib/gcc/nios2-elf/4.8.3/../../../../../H-x86_64-mingw32/nios2-elf/lib/mno-hw-mul\libsmallc.a(lib_a-int_errno.o)
 .debug_aranges
                0x00000000000001b0       0x20 c:/altera/14.1/nios2eds/bin/gnu/h-x86_64-mingw32/bin/../lib/gcc/nios2-elf/4.8.3/../../../../../H-x86_64-mingw32/nios2-elf/lib/mno-hw-mul\libsmallc.a(lib_a-memcmp.o)
 .debug_aranges
                0x00000000000001d0       0x20 c:/altera/14.1/nios2eds/bin/gnu/h-x86_64-mingw32/bin/../lib/gcc/nios2-elf/4.8.3/../../../../../H-x86_64-mingw32/nios2-elf/lib/mno-hw-mul\libsmallc.a(lib_a-memcpy.o)
 .debug_aranges
                0x00000000000001f0       0x20 c:/altera/14.1/nios2eds/bin/gnu/h-x86_64-mingw32/bin/../lib/gcc/nios2-elf/4.8.3/../../../../../H-x86_64-mingw32/nios2-elf/lib/mno-hw-mul\libsmallc.a(lib_a-strlen.o)
 .debug_aranges
                0x0000000000000210       0x20 c:/altera/14.1/nios2eds/bin/gnu/h-x86_64-mingw32/bin/../lib/gcc/nios2-elf/4.8.3/mno-hw-mul\libgcc.a(lib2-divmod.o)
 .debug_aranges
                0x0000000000000230       0x20 c:/altera/14.1/nios2eds/bin/gnu/h-x86_64-mingw32/bin/../lib/gcc/nios2-elf/4.8.3/mno-hw-mul\libgcc.a(lib2-mul.o)

.debug_pubnames
 *(.debug_pubnames)

.debug_info     0x0000000000000000     0x2754
 *(.debug_info .gnu.linkonce.wi.*)
 .debug_info    0x0000000000000000       0x59 ../test0_bsp//obj/HAL/src/crt0.o
 .debug_info    0x0000000000000059       0xdc obj/default/hello_world_small.o
 .debug_info    0x0000000000000135      0x17b ../test0_bsp/\libhal_bsp.a(alt_main.o)
 .debug_info    0x00000000000002b0       0xd0 ../test0_bsp/\libhal_bsp.a(alt_usleep.o)
 .debug_info    0x0000000000000380      0x518 ../test0_bsp/\libhal_bsp.a(alt_sys_init.o)
 .debug_info    0x0000000000000898      0xb13 ../test0_bsp/\libhal_bsp.a(altera_onchip_flash.o)
 .debug_info    0x00000000000013ab       0xd1 ../test0_bsp/\libhal_bsp.a(alt_busy_sleep.o)
 .debug_info    0x000000000000147c       0xb3 ../test0_bsp/\libhal_bsp.a(alt_dcache_flush.o)
 .debug_info    0x000000000000152f      0x1a8 ../test0_bsp/\libhal_bsp.a(alt_dev_llist_insert.o)
 .debug_info    0x00000000000016d7       0x9f ../test0_bsp/\libhal_bsp.a(alt_errno.o)
 .debug_info    0x0000000000001776      0x5a1 ../test0_bsp/\libhal_bsp.a(alt_flash_dev.o)
 .debug_info    0x0000000000001d17       0x8b ../test0_bsp/\libhal_bsp.a(altera_nios2_gen2_irq.o)
 .debug_info    0x0000000000001da2      0x356 ../test0_bsp/\libhal_bsp.a(alt_find_dev.o)
 .debug_info    0x00000000000020f8       0x83 c:/altera/14.1/nios2eds/bin/gnu/h-x86_64-mingw32/bin/../lib/gcc/nios2-elf/4.8.3/../../../../../H-x86_64-mingw32/nios2-elf/lib/mno-hw-mul\libsmallc.a(lib_a-int_errno.o)
 .debug_info    0x000000000000217b       0xed c:/altera/14.1/nios2eds/bin/gnu/h-x86_64-mingw32/bin/../lib/gcc/nios2-elf/4.8.3/../../../../../H-x86_64-mingw32/nios2-elf/lib/mno-hw-mul\libsmallc.a(lib_a-memcmp.o)
 .debug_info    0x0000000000002268      0x106 c:/altera/14.1/nios2eds/bin/gnu/h-x86_64-mingw32/bin/../lib/gcc/nios2-elf/4.8.3/../../../../../H-x86_64-mingw32/nios2-elf/lib/mno-hw-mul\libsmallc.a(lib_a-memcpy.o)
 .debug_info    0x000000000000236e       0xc2 c:/altera/14.1/nios2eds/bin/gnu/h-x86_64-mingw32/bin/../lib/gcc/nios2-elf/4.8.3/../../../../../H-x86_64-mingw32/nios2-elf/lib/mno-hw-mul\libsmallc.a(lib_a-strlen.o)
 .debug_info    0x0000000000002430      0x270 c:/altera/14.1/nios2eds/bin/gnu/h-x86_64-mingw32/bin/../lib/gcc/nios2-elf/4.8.3/mno-hw-mul\libgcc.a(lib2-divmod.o)
 .debug_info    0x00000000000026a0       0xb4 c:/altera/14.1/nios2eds/bin/gnu/h-x86_64-mingw32/bin/../lib/gcc/nios2-elf/4.8.3/mno-hw-mul\libgcc.a(lib2-mul.o)

.debug_abbrev   0x0000000000000000      0xf17
 *(.debug_abbrev)
 .debug_abbrev  0x0000000000000000       0x14 ../test0_bsp//obj/HAL/src/crt0.o
 .debug_abbrev  0x0000000000000014       0xa7 obj/default/hello_world_small.o
 .debug_abbrev  0x00000000000000bb      0x120 ../test0_bsp/\libhal_bsp.a(alt_main.o)
 .debug_abbrev  0x00000000000001db       0x96 ../test0_bsp/\libhal_bsp.a(alt_usleep.o)
 .debug_abbrev  0x0000000000000271      0x16a ../test0_bsp/\libhal_bsp.a(alt_sys_init.o)
 .debug_abbrev  0x00000000000003db      0x2ad ../test0_bsp/\libhal_bsp.a(altera_onchip_flash.o)
 .debug_abbrev  0x0000000000000688       0x8d ../test0_bsp/\libhal_bsp.a(alt_busy_sleep.o)
 .debug_abbrev  0x0000000000000715       0x74 ../test0_bsp/\libhal_bsp.a(alt_dcache_flush.o)
 .debug_abbrev  0x0000000000000789      0x11c ../test0_bsp/\libhal_bsp.a(alt_dev_llist_insert.o)
 .debug_abbrev  0x00000000000008a5       0x5a ../test0_bsp/\libhal_bsp.a(alt_errno.o)
 .debug_abbrev  0x00000000000008ff      0x16a ../test0_bsp/\libhal_bsp.a(alt_flash_dev.o)
 .debug_abbrev  0x0000000000000a69       0x42 ../test0_bsp/\libhal_bsp.a(altera_nios2_gen2_irq.o)
 .debug_abbrev  0x0000000000000aab      0x12e ../test0_bsp/\libhal_bsp.a(alt_find_dev.o)
 .debug_abbrev  0x0000000000000bd9       0x37 c:/altera/14.1/nios2eds/bin/gnu/h-x86_64-mingw32/bin/../lib/gcc/nios2-elf/4.8.3/../../../../../H-x86_64-mingw32/nios2-elf/lib/mno-hw-mul\libsmallc.a(lib_a-int_errno.o)
 .debug_abbrev  0x0000000000000c10       0x7f c:/altera/14.1/nios2eds/bin/gnu/h-x86_64-mingw32/bin/../lib/gcc/nios2-elf/4.8.3/../../../../../H-x86_64-mingw32/nios2-elf/lib/mno-hw-mul\libsmallc.a(lib_a-memcmp.o)
 .debug_abbrev  0x0000000000000c8f       0xa4 c:/altera/14.1/nios2eds/bin/gnu/h-x86_64-mingw32/bin/../lib/gcc/nios2-elf/4.8.3/../../../../../H-x86_64-mingw32/nios2-elf/lib/mno-hw-mul\libsmallc.a(lib_a-memcpy.o)
 .debug_abbrev  0x0000000000000d33       0x7f c:/altera/14.1/nios2eds/bin/gnu/h-x86_64-mingw32/bin/../lib/gcc/nios2-elf/4.8.3/../../../../../H-x86_64-mingw32/nios2-elf/lib/mno-hw-mul\libsmallc.a(lib_a-strlen.o)
 .debug_abbrev  0x0000000000000db2       0xf6 c:/altera/14.1/nios2eds/bin/gnu/h-x86_64-mingw32/bin/../lib/gcc/nios2-elf/4.8.3/mno-hw-mul\libgcc.a(lib2-divmod.o)
 .debug_abbrev  0x0000000000000ea8       0x6f c:/altera/14.1/nios2eds/bin/gnu/h-x86_64-mingw32/bin/../lib/gcc/nios2-elf/4.8.3/mno-hw-mul\libgcc.a(lib2-mul.o)

.debug_line     0x0000000000000000     0x1219
 *(.debug_line)
 .debug_line    0x0000000000000000       0x51 ../test0_bsp//obj/HAL/src/crt0.o
 .debug_line    0x0000000000000051       0x80 obj/default/hello_world_small.o
 .debug_line    0x00000000000000d1       0xbd ../test0_bsp/\libhal_bsp.a(alt_main.o)
 .debug_line    0x000000000000018e       0xc7 ../test0_bsp/\libhal_bsp.a(alt_usleep.o)
 .debug_line    0x0000000000000255      0x145 ../test0_bsp/\libhal_bsp.a(alt_sys_init.o)
 .debug_line    0x000000000000039a      0x3a7 ../test0_bsp/\libhal_bsp.a(altera_onchip_flash.o)
 .debug_line    0x0000000000000741       0x9d ../test0_bsp/\libhal_bsp.a(alt_busy_sleep.o)
 .debug_line    0x00000000000007de       0x63 ../test0_bsp/\libhal_bsp.a(alt_dcache_flush.o)
 .debug_line    0x0000000000000841       0xd6 ../test0_bsp/\libhal_bsp.a(alt_dev_llist_insert.o)
 .debug_line    0x0000000000000917       0x51 ../test0_bsp/\libhal_bsp.a(alt_errno.o)
 .debug_line    0x0000000000000968       0xea ../test0_bsp/\libhal_bsp.a(alt_flash_dev.o)
 .debug_line    0x0000000000000a52       0x50 ../test0_bsp/\libhal_bsp.a(altera_nios2_gen2_irq.o)
 .debug_line    0x0000000000000aa2      0x160 ../test0_bsp/\libhal_bsp.a(alt_find_dev.o)
 .debug_line    0x0000000000000c02       0x60 c:/altera/14.1/nios2eds/bin/gnu/h-x86_64-mingw32/bin/../lib/gcc/nios2-elf/4.8.3/../../../../../H-x86_64-mingw32/nios2-elf/lib/mno-hw-mul\libsmallc.a(lib_a-int_errno.o)
 .debug_line    0x0000000000000c62      0x178 c:/altera/14.1/nios2eds/bin/gnu/h-x86_64-mingw32/bin/../lib/gcc/nios2-elf/4.8.3/../../../../../H-x86_64-mingw32/nios2-elf/lib/mno-hw-mul\libsmallc.a(lib_a-memcmp.o)
 .debug_line    0x0000000000000dda      0x179 c:/altera/14.1/nios2eds/bin/gnu/h-x86_64-mingw32/bin/../lib/gcc/nios2-elf/4.8.3/../../../../../H-x86_64-mingw32/nios2-elf/lib/mno-hw-mul\libsmallc.a(lib_a-memcpy.o)
 .debug_line    0x0000000000000f53      0x177 c:/altera/14.1/nios2eds/bin/gnu/h-x86_64-mingw32/bin/../lib/gcc/nios2-elf/4.8.3/../../../../../H-x86_64-mingw32/nios2-elf/lib/mno-hw-mul\libsmallc.a(lib_a-strlen.o)
 .debug_line    0x00000000000010ca       0xce c:/altera/14.1/nios2eds/bin/gnu/h-x86_64-mingw32/bin/../lib/gcc/nios2-elf/4.8.3/mno-hw-mul\libgcc.a(lib2-divmod.o)
 .debug_line    0x0000000000001198       0x81 c:/altera/14.1/nios2eds/bin/gnu/h-x86_64-mingw32/bin/../lib/gcc/nios2-elf/4.8.3/mno-hw-mul\libgcc.a(lib2-mul.o)

.debug_frame    0x0000000000000000      0x438
 *(.debug_frame)
 .debug_frame   0x0000000000000000       0x2c obj/default/hello_world_small.o
 .debug_frame   0x000000000000002c       0x2c ../test0_bsp/\libhal_bsp.a(alt_main.o)
 .debug_frame   0x0000000000000058       0x20 ../test0_bsp/\libhal_bsp.a(alt_usleep.o)
 .debug_frame   0x0000000000000078       0x3c ../test0_bsp/\libhal_bsp.a(alt_sys_init.o)
 .debug_frame   0x00000000000000b4      0x160 ../test0_bsp/\libhal_bsp.a(altera_onchip_flash.o)
 .debug_frame   0x0000000000000214       0x30 ../test0_bsp/\libhal_bsp.a(alt_busy_sleep.o)
 .debug_frame   0x0000000000000244       0x20 ../test0_bsp/\libhal_bsp.a(alt_dcache_flush.o)
 .debug_frame   0x0000000000000264       0x2c ../test0_bsp/\libhal_bsp.a(alt_dev_llist_insert.o)
 .debug_frame   0x0000000000000290       0x4c ../test0_bsp/\libhal_bsp.a(alt_flash_dev.o)
 .debug_frame   0x00000000000002dc       0x20 ../test0_bsp/\libhal_bsp.a(altera_nios2_gen2_irq.o)
 .debug_frame   0x00000000000002fc       0x3c ../test0_bsp/\libhal_bsp.a(alt_find_dev.o)
 .debug_frame   0x0000000000000338       0x20 c:/altera/14.1/nios2eds/bin/gnu/h-x86_64-mingw32/bin/../lib/gcc/nios2-elf/4.8.3/../../../../../H-x86_64-mingw32/nios2-elf/lib/mno-hw-mul\libsmallc.a(lib_a-memcmp.o)
 .debug_frame   0x0000000000000358       0x20 c:/altera/14.1/nios2eds/bin/gnu/h-x86_64-mingw32/bin/../lib/gcc/nios2-elf/4.8.3/../../../../../H-x86_64-mingw32/nios2-elf/lib/mno-hw-mul\libsmallc.a(lib_a-memcpy.o)
 .debug_frame   0x0000000000000378       0x20 c:/altera/14.1/nios2eds/bin/gnu/h-x86_64-mingw32/bin/../lib/gcc/nios2-elf/4.8.3/../../../../../H-x86_64-mingw32/nios2-elf/lib/mno-hw-mul\libsmallc.a(lib_a-strlen.o)
 .debug_frame   0x0000000000000398       0x80 c:/altera/14.1/nios2eds/bin/gnu/h-x86_64-mingw32/bin/../lib/gcc/nios2-elf/4.8.3/mno-hw-mul\libgcc.a(lib2-divmod.o)
 .debug_frame   0x0000000000000418       0x20 c:/altera/14.1/nios2eds/bin/gnu/h-x86_64-mingw32/bin/../lib/gcc/nios2-elf/4.8.3/mno-hw-mul\libgcc.a(lib2-mul.o)

.debug_str      0x0000000000000000      0xdcc
 *(.debug_str)
 .debug_str     0x0000000000000000       0xdd obj/default/hello_world_small.o
                                        0x109 (size before relaxing)
 .debug_str     0x00000000000000dd       0xb9 ../test0_bsp/\libhal_bsp.a(alt_main.o)
                                        0x195 (size before relaxing)
 .debug_str     0x0000000000000196       0x2f ../test0_bsp/\libhal_bsp.a(alt_usleep.o)
                                        0x137 (size before relaxing)
 .debug_str     0x00000000000001c5      0x31c ../test0_bsp/\libhal_bsp.a(alt_sys_init.o)
                                        0x4b8 (size before relaxing)
 .debug_str     0x00000000000004e1      0x2fa ../test0_bsp/\libhal_bsp.a(altera_onchip_flash.o)
                                        0x6f2 (size before relaxing)
 .debug_str     0x00000000000007db       0x33 ../test0_bsp/\libhal_bsp.a(alt_busy_sleep.o)
                                        0x14b (size before relaxing)
 .debug_str     0x000000000000080e       0x21 ../test0_bsp/\libhal_bsp.a(alt_dcache_flush.o)
                                        0x13b (size before relaxing)
 .debug_str     0x000000000000082f       0x4e ../test0_bsp/\libhal_bsp.a(alt_dev_llist_insert.o)
                                        0x1ac (size before relaxing)
 .debug_str     0x000000000000087d       0x14 ../test0_bsp/\libhal_bsp.a(alt_errno.o)
                                        0x125 (size before relaxing)
 .debug_str     0x0000000000000891       0x8e ../test0_bsp/\libhal_bsp.a(alt_flash_dev.o)
                                        0x32a (size before relaxing)
 .debug_str     0x000000000000091f       0x20 ../test0_bsp/\libhal_bsp.a(altera_nios2_gen2_irq.o)
                                        0x13c (size before relaxing)
 .debug_str     0x000000000000093f       0x25 ../test0_bsp/\libhal_bsp.a(alt_find_dev.o)
                                        0x1e1 (size before relaxing)
 .debug_str     0x0000000000000964      0x123 c:/altera/14.1/nios2eds/bin/gnu/h-x86_64-mingw32/bin/../lib/gcc/nios2-elf/4.8.3/../../../../../H-x86_64-mingw32/nios2-elf/lib/mno-hw-mul\libsmallc.a(lib_a-int_errno.o)
                                        0x1bb (size before relaxing)
 .debug_str     0x0000000000000a87       0xdc c:/altera/14.1/nios2eds/bin/gnu/h-x86_64-mingw32/bin/../lib/gcc/nios2-elf/4.8.3/../../../../../H-x86_64-mingw32/nios2-elf/lib/mno-hw-mul\libsmallc.a(lib_a-memcmp.o)
                                        0x1c2 (size before relaxing)
 .debug_str     0x0000000000000b63       0x52 c:/altera/14.1/nios2eds/bin/gnu/h-x86_64-mingw32/bin/../lib/gcc/nios2-elf/4.8.3/../../../../../H-x86_64-mingw32/nios2-elf/lib/mno-hw-mul\libsmallc.a(lib_a-memcpy.o)
                                        0x1d6 (size before relaxing)
 .debug_str     0x0000000000000bb5       0x3e c:/altera/14.1/nios2eds/bin/gnu/h-x86_64-mingw32/bin/../lib/gcc/nios2-elf/4.8.3/../../../../../H-x86_64-mingw32/nios2-elf/lib/mno-hw-mul\libsmallc.a(lib_a-strlen.o)
                                        0x1c8 (size before relaxing)
 .debug_str     0x0000000000000bf3      0x199 c:/altera/14.1/nios2eds/bin/gnu/h-x86_64-mingw32/bin/../lib/gcc/nios2-elf/4.8.3/mno-hw-mul\libgcc.a(lib2-divmod.o)
                                        0x1e4 (size before relaxing)
 .debug_str     0x0000000000000d8c       0x40 c:/altera/14.1/nios2eds/bin/gnu/h-x86_64-mingw32/bin/../lib/gcc/nios2-elf/4.8.3/mno-hw-mul\libgcc.a(lib2-mul.o)
                                        0x1a5 (size before relaxing)

.debug_loc      0x0000000000000000     0x11d3
 *(.debug_loc)
 .debug_loc     0x0000000000000000       0x21 ../test0_bsp/\libhal_bsp.a(alt_usleep.o)
 .debug_loc     0x0000000000000021       0x21 ../test0_bsp/\libhal_bsp.a(alt_sys_init.o)
 .debug_loc     0x0000000000000042      0xab2 ../test0_bsp/\libhal_bsp.a(altera_onchip_flash.o)
 .debug_loc     0x0000000000000af4       0x67 ../test0_bsp/\libhal_bsp.a(alt_busy_sleep.o)
 .debug_loc     0x0000000000000b5b       0x58 ../test0_bsp/\libhal_bsp.a(alt_dev_llist_insert.o)
 .debug_loc     0x0000000000000bb3       0x9a ../test0_bsp/\libhal_bsp.a(alt_flash_dev.o)
 .debug_loc     0x0000000000000c4d       0x7e ../test0_bsp/\libhal_bsp.a(alt_find_dev.o)
 .debug_loc     0x0000000000000ccb       0x65 c:/altera/14.1/nios2eds/bin/gnu/h-x86_64-mingw32/bin/../lib/gcc/nios2-elf/4.8.3/../../../../../H-x86_64-mingw32/nios2-elf/lib/mno-hw-mul\libsmallc.a(lib_a-memcmp.o)
 .debug_loc     0x0000000000000d30      0x11b c:/altera/14.1/nios2eds/bin/gnu/h-x86_64-mingw32/bin/../lib/gcc/nios2-elf/4.8.3/../../../../../H-x86_64-mingw32/nios2-elf/lib/mno-hw-mul\libsmallc.a(lib_a-memcpy.o)
 .debug_loc     0x0000000000000e4b       0x1e c:/altera/14.1/nios2eds/bin/gnu/h-x86_64-mingw32/bin/../lib/gcc/nios2-elf/4.8.3/../../../../../H-x86_64-mingw32/nios2-elf/lib/mno-hw-mul\libsmallc.a(lib_a-strlen.o)
 .debug_loc     0x0000000000000e69      0x2d7 c:/altera/14.1/nios2eds/bin/gnu/h-x86_64-mingw32/bin/../lib/gcc/nios2-elf/4.8.3/mno-hw-mul\libgcc.a(lib2-divmod.o)
 .debug_loc     0x0000000000001140       0x93 c:/altera/14.1/nios2eds/bin/gnu/h-x86_64-mingw32/bin/../lib/gcc/nios2-elf/4.8.3/mno-hw-mul\libgcc.a(lib2-mul.o)

.debug_macinfo
 *(.debug_macinfo)

.debug_weaknames
 *(.debug_weaknames)

.debug_funcnames
 *(.debug_funcnames)

.debug_typenames
 *(.debug_typenames)

.debug_varnames
 *(.debug_varnames)

.debug_alt_sim_info
                0x0000000000000000       0x40
 *(.debug_alt_sim_info)
 .debug_alt_sim_info
                0x0000000000000000       0x10 ../test0_bsp//obj/HAL/src/crt0.o
 .debug_alt_sim_info
                0x0000000000000010       0x30 ../test0_bsp/\libhal_bsp.a(alt_busy_sleep.o)
                0x0000000000041000                __alt_data_end = 0x41000
                0x0000000000041000                PROVIDE (__alt_stack_pointer, __alt_data_end)
                0x0000000000040d70                PROVIDE (__alt_stack_limit, __alt_stack_base)
                0x0000000000040d70                PROVIDE (__alt_heap_start, end)
                0x0000000000041000                PROVIDE (__alt_heap_limit, 0x41000)
OUTPUT(test0.elf elf32-littlenios2)

.debug_ranges   0x0000000000000000       0x48
 .debug_ranges  0x0000000000000000       0x10 obj/default/hello_world_small.o
 .debug_ranges  0x0000000000000010       0x18 ../test0_bsp/\libhal_bsp.a(altera_onchip_flash.o)
 .debug_ranges  0x0000000000000028       0x20 ../test0_bsp/\libhal_bsp.a(alt_dev_llist_insert.o)
